
> ligamahasiswa@0.1.0 build
> next build

Γû▓ Next.js 16.3.1 (Turbopack)
node.exe : ΓÜá Warning: Next.js ignored pnpm-lock.yaml in C:\Users\adamraiyan because it is outside the current Git 
repository (C:\Users\adamraiyan\Desktop\ligamahasiswa).
At line:1 char:1
+ & "C:\Program Files\nodejs/node.exe" "C:\Program Files\nodejs/node_mo ...
+ ~~~~~~~~~~~~~~~~~~~~~~~~~~~~~~~~~~~~~~~~~~~~~~~~~~~~~~~~~~~~~~~~~~~~~
    + CategoryInfo          : NotSpecified: (ΓÜá Warning: Ne...ligamahasiswa).:String) [], RemoteException
    + FullyQualifiedErrorId : NativeCommandError
 
 To use this directory, set `turbopack.root` in your Next.js config.

Γ£ô Running next.config.ts took 34ms

  Creating an optimized production build ...
Γ£ô Compiled successfully in 340ms
  Running TypeScript ...
  Finished TypeScript in 1393ms ...
  Collecting page data using 11 workers ...
  Generating static pages using 11 workers (0/8) ...
  Generating static pages using 11 workers (2/8) 
  Generating static pages using 11 workers (4/8) 
  Generating static pages using 11 workers (6/8) 
Γ£ô Generating static pages using 11 workers (8/8) in 309ms
  Finalizing page optimization ...

Route (app)
Γöî Γùï /
Γö£ Γùï /_not-found
Γö£ ╞Æ /chapters/[slug]
Γö£ ╞Æ /chapters/[slug]/campaigns/[campaign]
Γö£ ╞Æ /chapters/[slug]/team
Γö£ Γùï /dashboard/card
Γö£ Γùï /media
Γö£ Γùï /shop
Γöö Γùï /zine


Γùï  (Static)   prerendered as static content
╞Æ  (Dynamic)  server-rendered on demand

