
> ligamahasiswa@0.1.0 build
> next build

Γû▓ Next.js 16.3.1 (Turbopack)
node.exe : ΓÜá Warning: Next.js ignored pnpm-lock.yaml in C:\Users\adamraiyan because it is outside the current Git 
repository (C:\Users\adamraiyan\Desktop\ligamahasiswa).
At line:1 char:1
+ & "C:\Program Files\nodejs/node.exe" "C:\Program Files\nodejs/node_mo ...
+ ~~~~~~~~~~~~~~~~~~~~~~~~~~~~~~~~~~~~~~~~~~~~~~~~~~~~~~~~~~~~~~~~~~~~~
    + CategoryInfo          : NotSpecified: (ΓÜá Warning: Ne...ligamahasiswa).:String) [], RemoteException
    + FullyQualifiedErrorId : NativeCommandError
 
 To use this directory, set `turbopack.root` in your Next.js config.

Γ£ô Running next.config.ts took 34ms

  Creating an optimized production build ...
Γ£ô Compiled successfully in 331ms
  Running TypeScript ...
  Finished TypeScript in 1372ms ...
  Collecting page data using 11 workers ...
  Generating static pages using 11 workers (0/8) ...
Γ¿» useSearchParams() should be wrapped in a suspense boundary at page "/dashboard/card". Read more: 
https://nextjs.org/docs/messages/missing-suspense-with-csr-bailout
    at Object.X (C:\Users\adamraiyan\Desktop\ligamahasiswa\.next\server\chunks\ssr\_1mdat7o._.js:2:3038)
    at q (C:\Users\adamraiyan\Desktop\ligamahasiswa\.next\server\chunks\ssr\_1mdat7o._.js:1:10362)
    at C:\Users\adamraiyan\Desktop\ligamahasiswa\.next\server\chunks\ssr\_1mdat7o._.js:149:56297
    at al (C:\Users\adamraiyan\Desktop\ligamahasiswa\node_modules\next\dist\compiled\next-server\app-page-turbo.runtime
.prod.js:2:85944)
    at ac (C:\Users\adamraiyan\Desktop\ligamahasiswa\node_modules\next\dist\compiled\next-server\app-page-turbo.runtime
.prod.js:2:87760)
    at ah (C:\Users\adamraiyan\Desktop\ligamahasiswa\node_modules\next\dist\compiled\next-server\app-page-turbo.runtime
.prod.js:2:109623)
    at af (C:\Users\adamraiyan\Desktop\ligamahasiswa\node_modules\next\dist\compiled\next-server\app-page-turbo.runtime
.prod.js:2:106940)
    at au (C:\Users\adamraiyan\Desktop\ligamahasiswa\node_modules\next\dist\compiled\next-server\app-page-turbo.runtime
.prod.js:2:86296)
    at ac (C:\Users\adamraiyan\Desktop\ligamahasiswa\node_modules\next\dist\compiled\next-server\app-page-turbo.runtime
.prod.js:2:87805)
    at ah (C:\Users\adamraiyan\Desktop\ligamahasiswa\node_modules\next\dist\compiled\next-server\app-page-turbo.runtime
.prod.js:2:109623)
    at af (C:\Users\adamraiyan\Desktop\ligamahasiswa\node_modules\next\dist\compiled\next-server\app-page-turbo.runtime
.prod.js:2:106940)
    at au (C:\Users\adamraiyan\Desktop\ligamahasiswa\node_modules\next\dist\compiled\next-server\app-page-turbo.runtime
.prod.js:2:86296)
    at ac (C:\Users\adamraiyan\Desktop\ligamahasiswa\node_modules\next\dist\compiled\next-server\app-page-turbo.runtime
.prod.js:2:87805)
    at ac (C:\Users\adamraiyan\Desktop\ligamahasiswa\node_modules\next\dist\compiled\next-server\app-page-turbo.runtime
.prod.js:2:106280)
    at ah (C:\Users\adamraiyan\Desktop\ligamahasiswa\node_modules\next\dist\compiled\next-server\app-page-turbo.runtime
.prod.js:2:109623)
    at af (C:\Users\adamraiyan\Desktop\ligamahasiswa\node_modules\next\dist\compiled\next-server\app-page-turbo.runtime
.prod.js:2:106940)
    at aS (C:\Users\adamraiyan\Desktop\ligamahasiswa\node_modules\next\dist\compiled\next-server\app-page-turbo.runtime
.prod.js:2:114685)
    at ap (C:\Users\adamraiyan\Desktop\ligamahasiswa\node_modules\next\dist\compiled\next-server\app-page-turbo.runtime
.prod.js:2:111684)
    at ah (C:\Users\adamraiyan\Desktop\ligamahasiswa\node_modules\next\dist\compiled\next-server\app-page-turbo.runtime
.prod.js:2:109897)
    at af (C:\Users\adamraiyan\Desktop\ligamahasiswa\node_modules\next\dist\compiled\next-server\app-page-turbo.runtime
.prod.js:2:106940)
    at ac (C:\Users\adamraiyan\Desktop\ligamahasiswa\node_modules\next\dist\compiled\next-server\app-page-turbo.runtime
.prod.js:2:100962)
    at ah (C:\Users\adamraiyan\Desktop\ligamahasiswa\node_modules\next\dist\compiled\next-server\app-page-turbo.runtime
.prod.js:2:109623)
    at af (C:\Users\adamraiyan\Desktop\ligamahasiswa\node_modules\next\dist\compiled\next-server\app-page-turbo.runtime
.prod.js:2:106940)
    at ac (C:\Users\adamraiyan\Desktop\ligamahasiswa\node_modules\next\dist\compiled\next-server\app-page-turbo.runtime
.prod.js:2:105898)
    at ah (C:\Users\adamraiyan\Desktop\ligamahasiswa\node_modules\next\dist\compiled\next-server\app-page-turbo.runtime
.prod.js:2:109623)
    at af (C:\Users\adamraiyan\Desktop\ligamahasiswa\node_modules\next\dist\compiled\next-server\app-page-turbo.runtime
.prod.js:2:106940)
    at au (C:\Users\adamraiyan\Desktop\ligamahasiswa\node_modules\next\dist\compiled\next-server\app-page-turbo.runtime
.prod.js:2:86296)
    at ac (C:\Users\adamraiyan\Desktop\ligamahasiswa\node_modules\next\dist\compiled\next-server\app-page-turbo.runtime
.prod.js:2:87805)
    at ah (C:\Users\adamraiyan\Desktop\ligamahasiswa\node_modules\next\dist\compiled\next-server\app-page-turbo.runtime
.prod.js:2:109623)
    at af (C:\Users\adamraiyan\Desktop\ligamahasiswa\node_modules\next\dist\compiled\next-server\app-page-turbo.runtime
.prod.js:2:106940)
    at aS (C:\Users\adamraiyan\Desktop\ligamahasiswa\node_modules\next\dist\compiled\next-server\app-page-turbo.runtime
.prod.js:2:114685)
    at ap (C:\Users\adamraiyan\Desktop\ligamahasiswa\node_modules\next\dist\compiled\next-server\app-page-turbo.runtime
.prod.js:2:111684)
    at ah (C:\Users\adamraiyan\Desktop\ligamahasiswa\node_modules\next\dist\compiled\next-server\app-page-turbo.runtime
.prod.js:2:109897)
    at af (C:\Users\adamraiyan\Desktop\ligamahasiswa\node_modules\next\dist\compiled\next-server\app-page-turbo.runtime
.prod.js:2:106940)
    at ac (C:\Users\adamraiyan\Desktop\ligamahasiswa\node_modules\next\dist\compiled\next-server\app-page-turbo.runtime
.prod.js:2:87724)
    at ah (C:\Users\adamraiyan\Desktop\ligamahasiswa\node_modules\next\dist\compiled\next-server\app-page-turbo.runtime
.prod.js:2:109623)
    at af (C:\Users\adamraiyan\Desktop\ligamahasiswa\node_modules\next\dist\compiled\next-server\app-page-turbo.runtime
.prod.js:2:106940)
    at au (C:\Users\adamraiyan\Desktop\ligamahasiswa\node_modules\next\dist\compiled\next-server\app-page-turbo.runtime
.prod.js:2:86296)
    at ac (C:\Users\adamraiyan\Desktop\ligamahasiswa\node_modules\next\dist\compiled\next-server\app-page-turbo.runtime
.prod.js:2:87805)
    at ah (C:\Users\adamraiyan\Desktop\ligamahasiswa\node_modules\next\dist\compiled\next-server\app-page-turbo.runtime
.prod.js:2:109623)
    at af (C:\Users\adamraiyan\Desktop\ligamahasiswa\node_modules\next\dist\compiled\next-server\app-page-turbo.runtime
.prod.js:2:106940)
    at ac (C:\Users\adamraiyan\Desktop\ligamahasiswa\node_modules\next\dist\compiled\next-server\app-page-turbo.runtime
.prod.js:2:100962)
    at ah (C:\Users\adamraiyan\Desktop\ligamahasiswa\node_modules\next\dist\compiled\next-server\app-page-turbo.runtime
.prod.js:2:109623)
    at af (C:\Users\adamraiyan\Desktop\ligamahasiswa\node_modules\next\dist\compiled\next-server\app-page-turbo.runtime
.prod.js:2:106940)
    at au (C:\Users\adamraiyan\Desktop\ligamahasiswa\node_modules\next\dist\compiled\next-server\app-page-turbo.runtime
.prod.js:2:86296)
    at ac (C:\Users\adamraiyan\Desktop\ligamahasiswa\node_modules\next\dist\compiled\next-server\app-page-turbo.runtime
.prod.js:2:87805)
    at ah (C:\Users\adamraiyan\Desktop\ligamahasiswa\node_modules\next\dist\compiled\next-server\app-page-turbo.runtime
.prod.js:2:109623)
    at af (C:\Users\adamraiyan\Desktop\ligamahasiswa\node_modules\next\dist\compiled\next-server\app-page-turbo.runtime
.prod.js:2:106940)
    at ac (C:\Users\adamraiyan\Desktop\ligamahasiswa\node_modules\next\dist\compiled\next-server\app-page-turbo.runtime
.prod.js:2:100962)
    at ah (C:\Users\adamraiyan\Desktop\ligamahasiswa\node_modules\next\dist\compiled\next-server\app-page-turbo.runtime
.prod.js:2:109623)
Error occurred prerendering page "/dashboard/card". Read more: https://nextjs.org/docs/messages/prerender-error
Export encountered an error on /dashboard/card/page: /dashboard/card, exiting the build.
Γ¿» Next.js build worker exited with code: 1 and signal: null
